Neighbor info at step 0: radial(max=100,actual=58), angular(max=59,actual=43).
